Success (18):
group 148 af3f8396-530d-42b2-ae98-f95d75dc3dec "ADG Administrators"
group 149 aad245e3-0669-43df-8e22-92ba73ddb222 "ADG Users"
content 10816 9ea9a774-b9e7-4ea3-99ac-90d4b5788f91 "ADG Rules & Constants"
content 10817 ccf2cafe-5451-4690-a9b5-7eb077434f5d "ADG Knowledge Center"
content 10818 643de4d4-2eeb-4e82-ba2e-e015beacab48 "ADG Application Documentation"
content 10819 3b021fa4-1f2d-4d1b-81f5-a18c7edf29da "ADG Artifacts"
content 11290 _a-0000efc0-b1bf-8000-9bbd-011c48011c48_56847 "ADG_UT_getRecordTypeProperties"
content 11294 _a-0000efc0-b1bf-8000-9bbd-011c48011c48_56865 "ADG_UT_queryRecordTypeWithFilters"
content 11297 _a-0000efc0-b1bf-8000-9bbd-011c48011c48_56884 "ADG_UT_createOrUpdateRecords"
content 10829 _a-0000efc0-b1bf-8000-9bbd-011c48011c48_56890 "ADG_UT_returnFieldReferenceFromFieldName"
content 10831 _a-0000efc0-b1bf-8000-9bbd-011c48011c48_56909 "ADG_UT_returnRecordReferenceFromUuid"
content 10834 _a-0000efc0-b1bf-8000-9bbd-011c48011c48_56923 "ADG_UT_initialiseEmptyRecordForGivenUuid"
content 11298 _a-0000efc0-b1bf-8000-9bbd-011c48011c48_56943 "ADG_UT_queryUsersFromEnvironment"
content 11296 _a-0000efc0-b1bf-8000-9bbd-011c48011c48_59872 "ADG_UT_convertFieldValue"
processModelFolder 4 1fdee179-46f1-4530-8645-5251667465d7 "ADG Process Models"
application 10820 1df31c0a-6067-46b6-b39c-d8a3b60bb073 "Atlas Data Generator"
webApi 18 08b71b83-944b-497e-8633-60f0e6356f7e "ADG_API_recordOperations"
webApi 20 07633e3e-fa8f-4c7c-a0a2-66811c88776b "ADG_API_users"

Referenced precedents that were not exported (1):
recordType 1 SYSTEM_RECORD_TYPE_USER

Trace:
2026-05-13 08:50:58.21 DEBUG application 10820 1df31c0a-6067-46b6-b39c-d8a3b60bb073 Begin transport.
2026-05-13 08:50:58.21 DEBUG application 10820 1df31c0a-6067-46b6-b39c-d8a3b60bb073 Retrieving object data.
2026-05-13 08:50:58.215 DEBUG application 10820 1df31c0a-6067-46b6-b39c-d8a3b60bb073 App associated objects: [group=[af3f8396-530d-42b2-ae98-f95d75dc3dec, aad245e3-0669-43df-8e22-92ba73ddb222],content=[9ea9a774-b9e7-4ea3-99ac-90d4b5788f91, 643de4d4-2eeb-4e82-ba2e-e015beacab48, 3b021fa4-1f2d-4d1b-81f5-a18c7edf29da, ccf2cafe-5451-4690-a9b5-7eb077434f5d, _a-0000efc0-b1bf-8000-9bbd-011c48011c48_56847, _a-0000efc0-b1bf-8000-9bbd-011c48011c48_56865, _a-0000efc0-b1bf-8000-9bbd-011c48011c48_56884, _a-0000efc0-b1bf-8000-9bbd-011c48011c48_56890, _a-0000efc0-b1bf-8000-9bbd-011c48011c48_56909, _a-0000efc0-b1bf-8000-9bbd-011c48011c48_56923, _a-0000efc0-b1bf-8000-9bbd-011c48011c48_56943, _a-0000efc0-b1bf-8000-9bbd-011c48011c48_59872],processModelFolder=[1fdee179-46f1-4530-8645-5251667465d7],webApi=[08b71b83-944b-497e-8633-60f0e6356f7e, 07633e3e-fa8f-4c7c-a0a2-66811c88776b]]
2026-05-13 08:50:58.246 DEBUG application 10820 1df31c0a-6067-46b6-b39c-d8a3b60bb073 Invalid associated objects: []
2026-05-13 08:50:58.246 DEBUG application 10820 1df31c0a-6067-46b6-b39c-d8a3b60bb073 Adding valid associated objects to be exported: GlobalBindingMap[group={af3f8396-530d-42b2-ae98-f95d75dc3dec=148, aad245e3-0669-43df-8e22-92ba73ddb222=149},content={9ea9a774-b9e7-4ea3-99ac-90d4b5788f91=10816, 643de4d4-2eeb-4e82-ba2e-e015beacab48=10818, 3b021fa4-1f2d-4d1b-81f5-a18c7edf29da=10819, ccf2cafe-5451-4690-a9b5-7eb077434f5d=10817, _a-0000efc0-b1bf-8000-9bbd-011c48011c48_56847=11290, _a-0000efc0-b1bf-8000-9bbd-011c48011c48_56865=11294, _a-0000efc0-b1bf-8000-9bbd-011c48011c48_56884=11297, _a-0000efc0-b1bf-8000-9bbd-011c48011c48_56890=10829, _a-0000efc0-b1bf-8000-9bbd-011c48011c48_56909=10831, _a-0000efc0-b1bf-8000-9bbd-011c48011c48_56923=10834, _a-0000efc0-b1bf-8000-9bbd-011c48011c48_56943=11298, _a-0000efc0-b1bf-8000-9bbd-011c48011c48_59872=11296},processModelFolder={1fdee179-46f1-4530-8645-5251667465d7=4},webApi={08b71b83-944b-497e-8633-60f0e6356f7e=18, 07633e3e-fa8f-4c7c-a0a2-66811c88776b=20}]
2026-05-13 08:50:58.246 DEBUG application 10820 1df31c0a-6067-46b6-b39c-d8a3b60bb073 Setting uuids of object references.
2026-05-13 08:50:58.249 DEBUG application 10820 1df31c0a-6067-46b6-b39c-d8a3b60bb073 Processing reference: Application.forum
2026-05-13 08:50:58.251 DEBUG application 10820 1df31c0a-6067-46b6-b39c-d8a3b60bb073 Processing reference: Application.parent
2026-05-13 08:50:58.255 DEBUG application 10820 1df31c0a-6067-46b6-b39c-d8a3b60bb073 Processing reference: com.appiancorp.suiteapi.content.ContentRoleMap@72d6340[
  ContentRole[name=readers,groupIds=[149],inherit=false,allowForAll=false]
  ContentRole[name=authors,inherit=false,allowForAll=false]
  ContentRole[name=administrators,groupIds=[148],inherit=false,allowForAll=false]
  ContentRole[name=denyReaders,inherit=false,allowForAll=false]
  ContentRole[name=denyAuthors,inherit=false,allowForAll=false]
  ContentRole[name=denyAdministrators,inherit=false,allowForAll=false]
  securityVector=1:SEC_PUBLIC=true,SEC_CREATOR_ADMIN=false,SEC_INH_ADMIN=false,SEC_INH_EDITOR=false,SEC_INH_VIEWER=false,SEC_ALL_ADMIN=false,SEC_ALL_EDITOR=false,SEC_ALL_VIEWER=false
]
2026-05-13 08:50:58.255 DEBUG application 10820 1df31c0a-6067-46b6-b39c-d8a3b60bb073 Processing reference: ContentRole[name=readers,groupIds=[149],inherit=false,allowForAll=false]
2026-05-13 08:50:58.256 DEBUG group 149 aad245e3-0669-43df-8e22-92ba73ddb222 Begin transport.
2026-05-13 08:50:58.256 DEBUG group 149 aad245e3-0669-43df-8e22-92ba73ddb222 Retrieving object data.
2026-05-13 08:50:58.266 DEBUG group 149 aad245e3-0669-43df-8e22-92ba73ddb222 Setting uuids of object references.
2026-05-13 08:50:58.266 DEBUG group 149 aad245e3-0669-43df-8e22-92ba73ddb222 Processing reference: Role[name=<null>,groupIds=[148]]
2026-05-13 08:50:58.267 DEBUG group 148 af3f8396-530d-42b2-ae98-f95d75dc3dec Begin transport.
2026-05-13 08:50:58.267 DEBUG group 148 af3f8396-530d-42b2-ae98-f95d75dc3dec Retrieving object data.
2026-05-13 08:50:58.272 DEBUG group 148 af3f8396-530d-42b2-ae98-f95d75dc3dec Setting uuids of object references.
2026-05-13 08:50:58.272 DEBUG group 148 af3f8396-530d-42b2-ae98-f95d75dc3dec Processing reference: Role[name=<null>,groupIds=[148]]
2026-05-13 08:50:58.273 DEBUG group 148 af3f8396-530d-42b2-ae98-f95d75dc3dec Begin transport.
2026-05-13 08:50:58.273 DEBUG group 148 af3f8396-530d-42b2-ae98-f95d75dc3dec Loop detected: [group:148]
2026-05-13 08:50:58.273 DEBUG group 148 Breaking loop [group:148]. group:148 will be transported with its reference to 148 nulled out and will require a second pass.
2026-05-13 08:50:58.274 DEBUG group 148 af3f8396-530d-42b2-ae98-f95d75dc3dec Processing reference: Group.groupTypeId
2026-05-13 08:50:58.275 DEBUG group 148 af3f8396-530d-42b2-ae98-f95d75dc3dec Processing reference: Group.parentId
2026-05-13 08:50:58.276 DEBUG group 148 af3f8396-530d-42b2-ae98-f95d75dc3dec Processing reference: Group.homePageId
2026-05-13 08:50:58.276 DEBUG group 148 af3f8396-530d-42b2-ae98-f95d75dc3dec Processing reference: Role[name=<null>]
2026-05-13 08:50:58.276 DEBUG group 148 af3f8396-530d-42b2-ae98-f95d75dc3dec Object transported with these references nulled out: [group:148]
2026-05-13 08:50:58.276 DEBUG group 148 af3f8396-530d-42b2-ae98-f95d75dc3dec Binding pending incomplete: group:148
2026-05-13 08:50:58.277 DEBUG group 148 af3f8396-530d-42b2-ae98-f95d75dc3dec Begin transport.
2026-05-13 08:50:58.277 DEBUG group 148 af3f8396-530d-42b2-ae98-f95d75dc3dec Retrieving object data.
2026-05-13 08:50:58.282 DEBUG group 148 af3f8396-530d-42b2-ae98-f95d75dc3dec Setting uuids of object references.
2026-05-13 08:50:58.282 DEBUG group 148 af3f8396-530d-42b2-ae98-f95d75dc3dec Processing reference: Role[name=<null>,groupIds=[148]]
2026-05-13 08:50:58.283 DEBUG group 148 af3f8396-530d-42b2-ae98-f95d75dc3dec Processing reference: Group.groupTypeId
2026-05-13 08:50:58.285 DEBUG group 148 af3f8396-530d-42b2-ae98-f95d75dc3dec Processing reference: Group.parentId
2026-05-13 08:50:58.285 DEBUG group 148 af3f8396-530d-42b2-ae98-f95d75dc3dec Processing reference: Group.homePageId
2026-05-13 08:50:58.285 DEBUG group 148 af3f8396-530d-42b2-ae98-f95d75dc3dec Processing reference: Role[name=<null>]
2026-05-13 08:50:58.285 DEBUG group 148 af3f8396-530d-42b2-ae98-f95d75dc3dec Exporting binary resources.
2026-05-13 08:50:58.285 DEBUG group 148 af3f8396-530d-42b2-ae98-f95d75dc3dec Serializing object to XML.
2026-05-13 08:50:58.286 DEBUG group 148 af3f8396-530d-42b2-ae98-f95d75dc3dec Removed object from incomplete list.
2026-05-13 08:50:58.286 DEBUG group 148 af3f8396-530d-42b2-ae98-f95d75dc3dec Object transported.
2026-05-13 08:50:58.286 DEBUG group 148 af3f8396-530d-42b2-ae98-f95d75dc3dec Binding pending incomplete: group:148
2026-05-13 08:50:58.289 DEBUG group 149 aad245e3-0669-43df-8e22-92ba73ddb222 Processing reference: Group.groupTypeId
2026-05-13 08:50:58.312 DEBUG group 149 aad245e3-0669-43df-8e22-92ba73ddb222 Processing reference: Group.parentId
2026-05-13 08:50:58.312 DEBUG group 149 aad245e3-0669-43df-8e22-92ba73ddb222 Processing reference: Group.homePageId
2026-05-13 08:50:58.312 DEBUG group 149 aad245e3-0669-43df-8e22-92ba73ddb222 Processing reference: Role[name=<null>,groupIds=[148]]
2026-05-13 08:50:58.324 DEBUG group 149 aad245e3-0669-43df-8e22-92ba73ddb222 Exporting binary resources.
2026-05-13 08:50:58.324 DEBUG group 149 aad245e3-0669-43df-8e22-92ba73ddb222 Serializing object to XML.
2026-05-13 08:50:58.325 DEBUG group 149 aad245e3-0669-43df-8e22-92ba73ddb222 Object transported.
2026-05-13 08:50:58.326 DEBUG application 10820 1df31c0a-6067-46b6-b39c-d8a3b60bb073 Processing reference: ContentRole[name=authors,inherit=false,allowForAll=false]
2026-05-13 08:50:58.326 DEBUG application 10820 1df31c0a-6067-46b6-b39c-d8a3b60bb073 Processing reference: ContentRole[name=administrators,groupIds=[148],inherit=false,allowForAll=false]
2026-05-13 08:50:58.327 DEBUG application 10820 1df31c0a-6067-46b6-b39c-d8a3b60bb073 Processing reference: ContentRole[name=denyReaders,inherit=false,allowForAll=false]
2026-05-13 08:50:58.327 DEBUG application 10820 1df31c0a-6067-46b6-b39c-d8a3b60bb073 Processing reference: ContentRole[name=denyAuthors,inherit=false,allowForAll=false]
2026-05-13 08:50:58.327 DEBUG application 10820 1df31c0a-6067-46b6-b39c-d8a3b60bb073 Processing reference: ContentRole[name=denyAdministrators,inherit=false,allowForAll=false]
2026-05-13 08:50:58.362 DEBUG content 10816 9ea9a774-b9e7-4ea3-99ac-90d4b5788f91 Begin transport.
2026-05-13 08:50:58.362 DEBUG content 10816 9ea9a774-b9e7-4ea3-99ac-90d4b5788f91 Retrieving object data.
2026-05-13 08:50:58.382 DEBUG content 10816 9ea9a774-b9e7-4ea3-99ac-90d4b5788f91 Setting uuids of object references.
2026-05-13 08:50:58.383 DEBUG content 10816 9ea9a774-b9e7-4ea3-99ac-90d4b5788f91 Processing reference: RulesFolder.forum
2026-05-13 08:50:58.383 DEBUG content 10816 9ea9a774-b9e7-4ea3-99ac-90d4b5788f91 Processing reference: RulesFolder.parent
2026-05-13 08:50:58.385 DEBUG content 10816 9ea9a774-b9e7-4ea3-99ac-90d4b5788f91 Processing reference: com.appiancorp.suiteapi.content.ContentRoleMap@13c0db7e[
  ContentRole[name=readers,groupIds=[149],inherit=false,allowForAll=false]
  ContentRole[name=authors,inherit=false,allowForAll=false]
  ContentRole[name=administrators,groupIds=[148],inherit=false,allowForAll=false]
  ContentRole[name=denyReaders,inherit=false,allowForAll=false]
  ContentRole[name=denyAuthors,inherit=false,allowForAll=false]
  ContentRole[name=denyAdministrators,inherit=false,allowForAll=false]
  securityVector=1:SEC_PUBLIC=true,SEC_CREATOR_ADMIN=false,SEC_INH_ADMIN=false,SEC_INH_EDITOR=false,SEC_INH_VIEWER=false,SEC_ALL_ADMIN=false,SEC_ALL_EDITOR=false,SEC_ALL_VIEWER=false
]
2026-05-13 08:50:58.385 DEBUG content 10816 9ea9a774-b9e7-4ea3-99ac-90d4b5788f91 Processing reference: ContentRole[name=readers,groupIds=[149],inherit=false,allowForAll=false]
2026-05-13 08:50:58.386 DEBUG content 10816 9ea9a774-b9e7-4ea3-99ac-90d4b5788f91 Processing reference: ContentRole[name=authors,inherit=false,allowForAll=false]
2026-05-13 08:50:58.386 DEBUG content 10816 9ea9a774-b9e7-4ea3-99ac-90d4b5788f91 Processing reference: ContentRole[name=administrators,groupIds=[148],inherit=false,allowForAll=false]
2026-05-13 08:50:58.387 DEBUG content 10816 9ea9a774-b9e7-4ea3-99ac-90d4b5788f91 Processing reference: ContentRole[name=denyReaders,inherit=false,allowForAll=false]
2026-05-13 08:50:58.387 DEBUG content 10816 9ea9a774-b9e7-4ea3-99ac-90d4b5788f91 Processing reference: ContentRole[name=denyAuthors,inherit=false,allowForAll=false]
2026-05-13 08:50:58.387 DEBUG content 10816 9ea9a774-b9e7-4ea3-99ac-90d4b5788f91 Processing reference: ContentRole[name=denyAdministrators,inherit=false,allowForAll=false]
2026-05-13 08:50:58.388 DEBUG content 10816 9ea9a774-b9e7-4ea3-99ac-90d4b5788f91 Exporting binary resources.
2026-05-13 08:50:58.388 DEBUG content 10816 9ea9a774-b9e7-4ea3-99ac-90d4b5788f91 Serializing object to XML.
2026-05-13 08:50:58.388 DEBUG content 10816 9ea9a774-b9e7-4ea3-99ac-90d4b5788f91 Object transported.
2026-05-13 08:50:58.388 DEBUG content 10818 643de4d4-2eeb-4e82-ba2e-e015beacab48 Begin transport.
2026-05-13 08:50:58.388 DEBUG content 10818 643de4d4-2eeb-4e82-ba2e-e015beacab48 Retrieving object data.
2026-05-13 08:50:58.396 DEBUG content 10818 643de4d4-2eeb-4e82-ba2e-e015beacab48 Setting uuids of object references.
2026-05-13 08:50:58.396 DEBUG content 10818 643de4d4-2eeb-4e82-ba2e-e015beacab48 Processing reference: KnowledgeFolder.forum
2026-05-13 08:50:58.396 DEBUG content 10818 643de4d4-2eeb-4e82-ba2e-e015beacab48 Processing reference: KnowledgeFolder.parent
2026-05-13 08:50:58.398 DEBUG content 10817 ccf2cafe-5451-4690-a9b5-7eb077434f5d Begin transport.
2026-05-13 08:50:58.398 DEBUG content 10817 ccf2cafe-5451-4690-a9b5-7eb077434f5d Retrieving object data.
2026-05-13 08:50:58.404 DEBUG content 10817 ccf2cafe-5451-4690-a9b5-7eb077434f5d Setting uuids of object references.
2026-05-13 08:50:58.405 DEBUG content 10817 ccf2cafe-5451-4690-a9b5-7eb077434f5d Processing reference: CommunityKnowledgeCenter.forum
2026-05-13 08:50:58.405 DEBUG content 10817 ccf2cafe-5451-4690-a9b5-7eb077434f5d Processing reference: CommunityKnowledgeCenter.parent
2026-05-13 08:50:58.406 DEBUG content 10817 ccf2cafe-5451-4690-a9b5-7eb077434f5d Processing reference: com.appiancorp.suiteapi.content.ContentRoleMap@f0a0f27[
  ContentRole[name=readers,groupIds=[149],inherit=false,allowForAll=false]
  ContentRole[name=authors,inherit=false,allowForAll=false]
  ContentRole[name=administrators,groupIds=[148],inherit=false,allowForAll=false]
  ContentRole[name=denyReaders,inherit=false,allowForAll=false]
  ContentRole[name=denyAuthors,inherit=false,allowForAll=false]
  ContentRole[name=denyAdministrators,inherit=false,allowForAll=false]
  securityVector=1:SEC_PUBLIC=true,SEC_CREATOR_ADMIN=false,SEC_INH_ADMIN=false,SEC_INH_EDITOR=false,SEC_INH_VIEWER=false,SEC_ALL_ADMIN=false,SEC_ALL_EDITOR=false,SEC_ALL_VIEWER=false
]
2026-05-13 08:50:58.406 DEBUG content 10817 ccf2cafe-5451-4690-a9b5-7eb077434f5d Processing reference: ContentRole[name=readers,groupIds=[149],inherit=false,allowForAll=false]
2026-05-13 08:50:58.408 DEBUG content 10817 ccf2cafe-5451-4690-a9b5-7eb077434f5d Processing reference: ContentRole[name=authors,inherit=false,allowForAll=false]
2026-05-13 08:50:58.408 DEBUG content 10817 ccf2cafe-5451-4690-a9b5-7eb077434f5d Processing reference: ContentRole[name=administrators,groupIds=[148],inherit=false,allowForAll=false]
2026-05-13 08:50:58.41 DEBUG content 10817 ccf2cafe-5451-4690-a9b5-7eb077434f5d Processing reference: ContentRole[name=denyReaders,inherit=false,allowForAll=false]
2026-05-13 08:50:58.41 DEBUG content 10817 ccf2cafe-5451-4690-a9b5-7eb077434f5d Processing reference: ContentRole[name=denyAuthors,inherit=false,allowForAll=false]
2026-05-13 08:50:58.41 DEBUG content 10817 ccf2cafe-5451-4690-a9b5-7eb077434f5d Processing reference: ContentRole[name=denyAdministrators,inherit=false,allowForAll=false]
2026-05-13 08:50:58.41 DEBUG content 10817 ccf2cafe-5451-4690-a9b5-7eb077434f5d Exporting binary resources.
2026-05-13 08:50:58.41 DEBUG content 10817 ccf2cafe-5451-4690-a9b5-7eb077434f5d Serializing object to XML.
2026-05-13 08:50:58.41 DEBUG content 10817 ccf2cafe-5451-4690-a9b5-7eb077434f5d Object transported.
2026-05-13 08:50:58.41 DEBUG content 10818 643de4d4-2eeb-4e82-ba2e-e015beacab48 Processing reference: com.appiancorp.suiteapi.content.ContentRoleMap@5f87e766[
  ContentRole[name=readers,inherit=true,allowForAll=false]
  ContentRole[name=authors,inherit=true,allowForAll=false]
  ContentRole[name=administrators,inherit=true,allowForAll=false]
  ContentRole[name=denyReaders,inherit=false,allowForAll=false]
  ContentRole[name=denyAuthors,inherit=false,allowForAll=false]
  ContentRole[name=denyAdministrators,inherit=false,allowForAll=false]
  securityVector=15:SEC_PUBLIC=true,SEC_CREATOR_ADMIN=false,SEC_INH_ADMIN=true,SEC_INH_EDITOR=true,SEC_INH_VIEWER=true,SEC_ALL_ADMIN=false,SEC_ALL_EDITOR=false,SEC_ALL_VIEWER=false
]
2026-05-13 08:50:58.41 DEBUG content 10818 643de4d4-2eeb-4e82-ba2e-e015beacab48 Processing reference: ContentRole[name=readers,inherit=true,allowForAll=false]
2026-05-13 08:50:58.41 DEBUG content 10818 643de4d4-2eeb-4e82-ba2e-e015beacab48 Processing reference: ContentRole[name=authors,inherit=true,allowForAll=false]
2026-05-13 08:50:58.41 DEBUG content 10818 643de4d4-2eeb-4e82-ba2e-e015beacab48 Processing reference: ContentRole[name=administrators,inherit=true,allowForAll=false]
2026-05-13 08:50:58.41 DEBUG content 10818 643de4d4-2eeb-4e82-ba2e-e015beacab48 Processing reference: ContentRole[name=denyReaders,inherit=false,allowForAll=false]
2026-05-13 08:50:58.41 DEBUG content 10818 643de4d4-2eeb-4e82-ba2e-e015beacab48 Processing reference: ContentRole[name=denyAuthors,inherit=false,allowForAll=false]
2026-05-13 08:50:58.41 DEBUG content 10818 643de4d4-2eeb-4e82-ba2e-e015beacab48 Processing reference: ContentRole[name=denyAdministrators,inherit=false,allowForAll=false]
2026-05-13 08:50:58.41 DEBUG content 10818 643de4d4-2eeb-4e82-ba2e-e015beacab48 Exporting binary resources.
2026-05-13 08:50:58.41 DEBUG content 10818 643de4d4-2eeb-4e82-ba2e-e015beacab48 Serializing object to XML.
2026-05-13 08:50:58.411 DEBUG content 10818 643de4d4-2eeb-4e82-ba2e-e015beacab48 Object transported.
2026-05-13 08:50:58.411 DEBUG content 10819 3b021fa4-1f2d-4d1b-81f5-a18c7edf29da Begin transport.
2026-05-13 08:50:58.411 DEBUG content 10819 3b021fa4-1f2d-4d1b-81f5-a18c7edf29da Retrieving object data.
2026-05-13 08:50:58.427 DEBUG content 10819 3b021fa4-1f2d-4d1b-81f5-a18c7edf29da Setting uuids of object references.
2026-05-13 08:50:58.427 DEBUG content 10819 3b021fa4-1f2d-4d1b-81f5-a18c7edf29da Processing reference: KnowledgeFolder.forum
2026-05-13 08:50:58.427 DEBUG content 10819 3b021fa4-1f2d-4d1b-81f5-a18c7edf29da Processing reference: KnowledgeFolder.parent
2026-05-13 08:50:58.429 DEBUG content 10819 3b021fa4-1f2d-4d1b-81f5-a18c7edf29da Processing reference: com.appiancorp.suiteapi.content.ContentRoleMap@6b82b5fd[
  ContentRole[name=readers,inherit=true,allowForAll=false]
  ContentRole[name=authors,inherit=true,allowForAll=false]
  ContentRole[name=administrators,inherit=true,allowForAll=false]
  ContentRole[name=denyReaders,inherit=false,allowForAll=false]
  ContentRole[name=denyAuthors,inherit=false,allowForAll=false]
  ContentRole[name=denyAdministrators,inherit=false,allowForAll=false]
  securityVector=15:SEC_PUBLIC=true,SEC_CREATOR_ADMIN=false,SEC_INH_ADMIN=true,SEC_INH_EDITOR=true,SEC_INH_VIEWER=true,SEC_ALL_ADMIN=false,SEC_ALL_EDITOR=false,SEC_ALL_VIEWER=false
]
2026-05-13 08:50:58.429 DEBUG content 10819 3b021fa4-1f2d-4d1b-81f5-a18c7edf29da Processing reference: ContentRole[name=readers,inherit=true,allowForAll=false]
2026-05-13 08:50:58.429 DEBUG content 10819 3b021fa4-1f2d-4d1b-81f5-a18c7edf29da Processing reference: ContentRole[name=authors,inherit=true,allowForAll=false]
2026-05-13 08:50:58.429 DEBUG content 10819 3b021fa4-1f2d-4d1b-81f5-a18c7edf29da Processing reference: ContentRole[name=administrators,inherit=true,allowForAll=false]
2026-05-13 08:50:58.429 DEBUG content 10819 3b021fa4-1f2d-4d1b-81f5-a18c7edf29da Processing reference: ContentRole[name=denyReaders,inherit=false,allowForAll=false]
2026-05-13 08:50:58.429 DEBUG content 10819 3b021fa4-1f2d-4d1b-81f5-a18c7edf29da Processing reference: ContentRole[name=denyAuthors,inherit=false,allowForAll=false]
2026-05-13 08:50:58.429 DEBUG content 10819 3b021fa4-1f2d-4d1b-81f5-a18c7edf29da Processing reference: ContentRole[name=denyAdministrators,inherit=false,allowForAll=false]
2026-05-13 08:50:58.429 DEBUG content 10819 3b021fa4-1f2d-4d1b-81f5-a18c7edf29da Exporting binary resources.
2026-05-13 08:50:58.429 DEBUG content 10819 3b021fa4-1f2d-4d1b-81f5-a18c7edf29da Serializing object to XML.
2026-05-13 08:50:58.429 DEBUG content 10819 3b021fa4-1f2d-4d1b-81f5-a18c7edf29da Object transported.
2026-05-13 08:50:58.429 DEBUG content 11290 _a-0000efc0-b1bf-8000-9bbd-011c48011c48_56847 Begin transport.
2026-05-13 08:50:58.429 DEBUG content 11290 _a-0000efc0-b1bf-8000-9bbd-011c48011c48_56847 Retrieving object data.
2026-05-13 08:50:58.437 DEBUG content 11290 _a-0000efc0-b1bf-8000-9bbd-011c48011c48_56847 Setting uuids of object references.
2026-05-13 08:50:58.437 DEBUG content 11290 _a-0000efc0-b1bf-8000-9bbd-011c48011c48_56847 Processing reference: [Content:id=10821,versionId=-1,name=ADG_UT_getRecordTypeProperties,type=32,subtype=1,uuid=_a-0000efc0-b1bf-8000-9bbd-011c48011c48_56847,parent=10816]
2026-05-13 08:50:58.445 DEBUG content 11290 _a-0000efc0-b1bf-8000-9bbd-011c48011c48_56847 Processing reference: FreeformRule.forum
2026-05-13 08:50:58.446 DEBUG content 11290 _a-0000efc0-b1bf-8000-9bbd-011c48011c48_56847 Processing reference: TypedVariable[name=recordTypeUuid,it=3,v=]
2026-05-13 08:50:58.448 DEBUG content 11290 _a-0000efc0-b1bf-8000-9bbd-011c48011c48_56847 Processing reference: FreeformRule.parent
2026-05-13 08:50:58.451 DEBUG content 11290 _a-0000efc0-b1bf-8000-9bbd-011c48011c48_56847 Processing reference: com.appiancorp.suiteapi.content.ContentRoleMap@7b0cc120[
  ContentRole[name=readers,inherit=true,allowForAll=false]
  ContentRole[name=authors,inherit=true,allowForAll=false]
  ContentRole[name=administrators,inherit=true,allowForAll=false]
  ContentRole[name=denyReaders,inherit=false,allowForAll=false]
  ContentRole[name=denyAuthors,inherit=false,allowForAll=false]
  ContentRole[name=denyAdministrators,inherit=false,allowForAll=false]
  securityVector=15:SEC_PUBLIC=true,SEC_CREATOR_ADMIN=false,SEC_INH_ADMIN=true,SEC_INH_EDITOR=true,SEC_INH_VIEWER=true,SEC_ALL_ADMIN=false,SEC_ALL_EDITOR=false,SEC_ALL_VIEWER=false
]
2026-05-13 08:50:58.451 DEBUG content 11290 _a-0000efc0-b1bf-8000-9bbd-011c48011c48_56847 Processing reference: ContentRole[name=readers,inherit=true,allowForAll=false]
2026-05-13 08:50:58.451 DEBUG content 11290 _a-0000efc0-b1bf-8000-9bbd-011c48011c48_56847 Processing reference: ContentRole[name=authors,inherit=true,allowForAll=false]
2026-05-13 08:50:58.451 DEBUG content 11290 _a-0000efc0-b1bf-8000-9bbd-011c48011c48_56847 Processing reference: ContentRole[name=administrators,inherit=true,allowForAll=false]
2026-05-13 08:50:58.451 DEBUG content 11290 _a-0000efc0-b1bf-8000-9bbd-011c48011c48_56847 Processing reference: ContentRole[name=denyReaders,inherit=false,allowForAll=false]
2026-05-13 08:50:58.451 DEBUG content 11290 _a-0000efc0-b1bf-8000-9bbd-011c48011c48_56847 Processing reference: ContentRole[name=denyAuthors,inherit=false,allowForAll=false]
2026-05-13 08:50:58.451 DEBUG content 11290 _a-0000efc0-b1bf-8000-9bbd-011c48011c48_56847 Processing reference: ContentRole[name=denyAdministrators,inherit=false,allowForAll=false]
2026-05-13 08:50:58.452 DEBUG content 11290 _a-0000efc0-b1bf-8000-9bbd-011c48011c48_56847 Exporting binary resources.
2026-05-13 08:50:58.452 DEBUG content 11290 _a-0000efc0-b1bf-8000-9bbd-011c48011c48_56847 Serializing object to XML.
2026-05-13 08:50:58.454 DEBUG content 11290 _a-0000efc0-b1bf-8000-9bbd-011c48011c48_56847 Object transported.
2026-05-13 08:50:58.454 DEBUG content 11294 _a-0000efc0-b1bf-8000-9bbd-011c48011c48_56865 Begin transport.
2026-05-13 08:50:58.454 DEBUG content 11294 _a-0000efc0-b1bf-8000-9bbd-011c48011c48_56865 Retrieving object data.
2026-05-13 08:50:58.463 DEBUG content 11294 _a-0000efc0-b1bf-8000-9bbd-011c48011c48_56865 Setting uuids of object references.
2026-05-13 08:50:58.463 DEBUG content 11294 _a-0000efc0-b1bf-8000-9bbd-011c48011c48_56865 Processing reference: [Content:id=10824,versionId=-1,name=ADG_UT_queryRecordTypeWithFilters,type=32,subtype=1,uuid=_a-0000efc0-b1bf-8000-9bbd-011c48011c48_56865,parent=10816]
2026-05-13 08:50:58.469 DEBUG content 11294 _a-0000efc0-b1bf-8000-9bbd-011c48011c48_56865 Processing reference: FreeformRule.forum
2026-05-13 08:50:58.469 DEBUG content 11294 _a-0000efc0-b1bf-8000-9bbd-011c48011c48_56865 Processing reference: TypedVariable[name=recordTypeUuid,it=3,v=]
2026-05-13 08:50:58.469 DEBUG content 11294 _a-0000efc0-b1bf-8000-9bbd-011c48011c48_56865 Processing reference: TypedVariable[name=selectedFields,it=97,v=<null>]
2026-05-13 08:50:58.469 DEBUG content 11294 _a-0000efc0-b1bf-8000-9bbd-011c48011c48_56865 Processing reference: TypedVariable[name=filters,it=253,v=<null>]
2026-05-13 08:50:58.469 DEBUG content 11294 _a-0000efc0-b1bf-8000-9bbd-011c48011c48_56865 Processing reference: TypedVariable[name=pagingInfo,it=252,v=<null>]
2026-05-13 08:50:58.469 DEBUG content 11294 _a-0000efc0-b1bf-8000-9bbd-011c48011c48_56865 Processing reference: FreeformRule.parent
2026-05-13 08:50:58.472 DEBUG content 11294 _a-0000efc0-b1bf-8000-9bbd-011c48011c48_56865 Processing reference: com.appiancorp.suiteapi.content.ContentRoleMap@6fd25c1f[
  ContentRole[name=readers,inherit=true,allowForAll=false]
  ContentRole[name=authors,inherit=true,allowForAll=false]
  ContentRole[name=administrators,inherit=true,allowForAll=false]
  ContentRole[name=denyReaders,inherit=false,allowForAll=false]
  ContentRole[name=denyAuthors,inherit=false,allowForAll=false]
  ContentRole[name=denyAdministrators,inherit=false,allowForAll=false]
  securityVector=15:SEC_PUBLIC=true,SEC_CREATOR_ADMIN=false,SEC_INH_ADMIN=true,SEC_INH_EDITOR=true,SEC_INH_VIEWER=true,SEC_ALL_ADMIN=false,SEC_ALL_EDITOR=false,SEC_ALL_VIEWER=false
]
2026-05-13 08:50:58.472 DEBUG content 11294 _a-0000efc0-b1bf-8000-9bbd-011c48011c48_56865 Processing reference: ContentRole[name=readers,inherit=true,allowForAll=false]
2026-05-13 08:50:58.472 DEBUG content 11294 _a-0000efc0-b1bf-8000-9bbd-011c48011c48_56865 Processing reference: ContentRole[name=authors,inherit=true,allowForAll=false]
2026-05-13 08:50:58.472 DEBUG content 11294 _a-0000efc0-b1bf-8000-9bbd-011c48011c48_56865 Processing reference: ContentRole[name=administrators,inherit=true,allowForAll=false]
2026-05-13 08:50:58.472 DEBUG content 11294 _a-0000efc0-b1bf-8000-9bbd-011c48011c48_56865 Processing reference: ContentRole[name=denyReaders,inherit=false,allowForAll=false]
2026-05-13 08:50:58.472 DEBUG content 11294 _a-0000efc0-b1bf-8000-9bbd-011c48011c48_56865 Processing reference: ContentRole[name=denyAuthors,inherit=false,allowForAll=false]
2026-05-13 08:50:58.472 DEBUG content 11294 _a-0000efc0-b1bf-8000-9bbd-011c48011c48_56865 Processing reference: ContentRole[name=denyAdministrators,inherit=false,allowForAll=false]
2026-05-13 08:50:58.473 DEBUG content 11294 _a-0000efc0-b1bf-8000-9bbd-011c48011c48_56865 Exporting binary resources.
2026-05-13 08:50:58.473 DEBUG content 11294 _a-0000efc0-b1bf-8000-9bbd-011c48011c48_56865 Serializing object to XML.
2026-05-13 08:50:58.477 DEBUG content 11294 _a-0000efc0-b1bf-8000-9bbd-011c48011c48_56865 Object transported.
2026-05-13 08:50:58.477 DEBUG content 11297 _a-0000efc0-b1bf-8000-9bbd-011c48011c48_56884 Begin transport.
2026-05-13 08:50:58.477 DEBUG content 11297 _a-0000efc0-b1bf-8000-9bbd-011c48011c48_56884 Retrieving object data.
2026-05-13 08:50:58.486 DEBUG content 11297 _a-0000efc0-b1bf-8000-9bbd-011c48011c48_56884 Setting uuids of object references.
2026-05-13 08:50:58.486 DEBUG content 11297 _a-0000efc0-b1bf-8000-9bbd-011c48011c48_56884 Processing reference: [Content:id=10827,versionId=-1,name=ADG_UT_createOrUpdateRecords,type=32,subtype=1,uuid=_a-0000efc0-b1bf-8000-9bbd-011c48011c48_56884,parent=10816]
2026-05-13 08:50:58.498 DEBUG content 11297 _a-0000efc0-b1bf-8000-9bbd-011c48011c48_56884 Processing reference: FreeformRule.forum
2026-05-13 08:50:58.498 DEBUG content 11297 _a-0000efc0-b1bf-8000-9bbd-011c48011c48_56884 Processing reference: TypedVariable[name=recordData,it=97,v=<null>]
2026-05-13 08:50:58.498 DEBUG content 11297 _a-0000efc0-b1bf-8000-9bbd-011c48011c48_56884 Processing reference: FreeformRule.parent
2026-05-13 08:50:58.501 DEBUG content 11297 _a-0000efc0-b1bf-8000-9bbd-011c48011c48_56884 Processing reference: com.appiancorp.suiteapi.content.ContentRoleMap@f86fec6[
  ContentRole[name=readers,inherit=true,allowForAll=false]
  ContentRole[name=authors,inherit=true,allowForAll=false]
  ContentRole[name=administrators,inherit=true,allowForAll=false]
  ContentRole[name=denyReaders,inherit=false,allowForAll=false]
  ContentRole[name=denyAuthors,inherit=false,allowForAll=false]
  ContentRole[name=denyAdministrators,inherit=false,allowForAll=false]
  securityVector=15:SEC_PUBLIC=true,SEC_CREATOR_ADMIN=false,SEC_INH_ADMIN=true,SEC_INH_EDITOR=true,SEC_INH_VIEWER=true,SEC_ALL_ADMIN=false,SEC_ALL_EDITOR=false,SEC_ALL_VIEWER=false
]
2026-05-13 08:50:58.501 DEBUG content 11297 _a-0000efc0-b1bf-8000-9bbd-011c48011c48_56884 Processing reference: ContentRole[name=readers,inherit=true,allowForAll=false]
2026-05-13 08:50:58.501 DEBUG content 11297 _a-0000efc0-b1bf-8000-9bbd-011c48011c48_56884 Processing reference: ContentRole[name=authors,inherit=true,allowForAll=false]
2026-05-13 08:50:58.501 DEBUG content 11297 _a-0000efc0-b1bf-8000-9bbd-011c48011c48_56884 Processing reference: ContentRole[name=administrators,inherit=true,allowForAll=false]
2026-05-13 08:50:58.501 DEBUG content 11297 _a-0000efc0-b1bf-8000-9bbd-011c48011c48_56884 Processing reference: ContentRole[name=denyReaders,inherit=false,allowForAll=false]
2026-05-13 08:50:58.501 DEBUG content 11297 _a-0000efc0-b1bf-8000-9bbd-011c48011c48_56884 Processing reference: ContentRole[name=denyAuthors,inherit=false,allowForAll=false]
2026-05-13 08:50:58.501 DEBUG content 11297 _a-0000efc0-b1bf-8000-9bbd-011c48011c48_56884 Processing reference: ContentRole[name=denyAdministrators,inherit=false,allowForAll=false]
2026-05-13 08:50:58.501 DEBUG content 11297 _a-0000efc0-b1bf-8000-9bbd-011c48011c48_56884 Exporting binary resources.
2026-05-13 08:50:58.501 DEBUG content 11297 _a-0000efc0-b1bf-8000-9bbd-011c48011c48_56884 Serializing object to XML.
2026-05-13 08:50:58.505 DEBUG content 11297 _a-0000efc0-b1bf-8000-9bbd-011c48011c48_56884 Object transported.
2026-05-13 08:50:58.505 DEBUG content 10829 _a-0000efc0-b1bf-8000-9bbd-011c48011c48_56890 Begin transport.
2026-05-13 08:50:58.505 DEBUG content 10829 _a-0000efc0-b1bf-8000-9bbd-011c48011c48_56890 Retrieving object data.
2026-05-13 08:50:58.513 DEBUG content 10829 _a-0000efc0-b1bf-8000-9bbd-011c48011c48_56890 Setting uuids of object references.
2026-05-13 08:50:58.513 DEBUG content 10829 _a-0000efc0-b1bf-8000-9bbd-011c48011c48_56890 Processing reference: [Content:id=10828,versionId=-1,name=ADG_UT_returnFieldReferenceFromFieldName,type=32,subtype=1,uuid=_a-0000efc0-b1bf-8000-9bbd-011c48011c48_56890,parent=10816]
2026-05-13 08:50:58.514 DEBUG content 10829 _a-0000efc0-b1bf-8000-9bbd-011c48011c48_56890 Processing reference: FreeformRule.forum
2026-05-13 08:50:58.514 DEBUG content 10829 _a-0000efc0-b1bf-8000-9bbd-011c48011c48_56890 Processing reference: TypedVariable[name=recordProperties,it=252,v=<null>]
2026-05-13 08:50:58.514 DEBUG content 10829 _a-0000efc0-b1bf-8000-9bbd-011c48011c48_56890 Processing reference: TypedVariable[name=fieldName,it=3,v=]
2026-05-13 08:50:58.514 DEBUG content 10829 _a-0000efc0-b1bf-8000-9bbd-011c48011c48_56890 Processing reference: FreeformRule.parent
2026-05-13 08:50:58.516 DEBUG content 10829 _a-0000efc0-b1bf-8000-9bbd-011c48011c48_56890 Processing reference: com.appiancorp.suiteapi.content.ContentRoleMap@6249f6e7[
  ContentRole[name=readers,inherit=true,allowForAll=false]
  ContentRole[name=authors,inherit=true,allowForAll=false]
  ContentRole[name=administrators,inherit=true,allowForAll=false]
  ContentRole[name=denyReaders,inherit=false,allowForAll=false]
  ContentRole[name=denyAuthors,inherit=false,allowForAll=false]
  ContentRole[name=denyAdministrators,inherit=false,allowForAll=false]
  securityVector=15:SEC_PUBLIC=true,SEC_CREATOR_ADMIN=false,SEC_INH_ADMIN=true,SEC_INH_EDITOR=true,SEC_INH_VIEWER=true,SEC_ALL_ADMIN=false,SEC_ALL_EDITOR=false,SEC_ALL_VIEWER=false
]
2026-05-13 08:50:58.516 DEBUG content 10829 _a-0000efc0-b1bf-8000-9bbd-011c48011c48_56890 Processing reference: ContentRole[name=readers,inherit=true,allowForAll=false]
2026-05-13 08:50:58.516 DEBUG content 10829 _a-0000efc0-b1bf-8000-9bbd-011c48011c48_56890 Processing reference: ContentRole[name=authors,inherit=true,allowForAll=false]
2026-05-13 08:50:58.516 DEBUG content 10829 _a-0000efc0-b1bf-8000-9bbd-011c48011c48_56890 Processing reference: ContentRole[name=administrators,inherit=true,allowForAll=false]
2026-05-13 08:50:58.516 DEBUG content 10829 _a-0000efc0-b1bf-8000-9bbd-011c48011c48_56890 Processing reference: ContentRole[name=denyReaders,inherit=false,allowForAll=false]
2026-05-13 08:50:58.516 DEBUG content 10829 _a-0000efc0-b1bf-8000-9bbd-011c48011c48_56890 Processing reference: ContentRole[name=denyAuthors,inherit=false,allowForAll=false]
2026-05-13 08:50:58.516 DEBUG content 10829 _a-0000efc0-b1bf-8000-9bbd-011c48011c48_56890 Processing reference: ContentRole[name=denyAdministrators,inherit=false,allowForAll=false]
2026-05-13 08:50:58.516 DEBUG content 10829 _a-0000efc0-b1bf-8000-9bbd-011c48011c48_56890 Exporting binary resources.
2026-05-13 08:50:58.516 DEBUG content 10829 _a-0000efc0-b1bf-8000-9bbd-011c48011c48_56890 Serializing object to XML.
2026-05-13 08:50:58.517 DEBUG content 10829 _a-0000efc0-b1bf-8000-9bbd-011c48011c48_56890 Object transported.
2026-05-13 08:50:58.517 DEBUG content 10831 _a-0000efc0-b1bf-8000-9bbd-011c48011c48_56909 Begin transport.
2026-05-13 08:50:58.517 DEBUG content 10831 _a-0000efc0-b1bf-8000-9bbd-011c48011c48_56909 Retrieving object data.
2026-05-13 08:50:58.523 DEBUG content 10831 _a-0000efc0-b1bf-8000-9bbd-011c48011c48_56909 Setting uuids of object references.
2026-05-13 08:50:58.523 DEBUG content 10831 _a-0000efc0-b1bf-8000-9bbd-011c48011c48_56909 Processing reference: [Content:id=10831,versionId=-1,name=ADG_UT_returnRecordReferenceFromUuid,type=32,subtype=1,uuid=_a-0000efc0-b1bf-8000-9bbd-011c48011c48_56909,parent=10816]
2026-05-13 08:50:58.524 DEBUG content 10831 _a-0000efc0-b1bf-8000-9bbd-011c48011c48_56909 Processing reference: FreeformRule.forum
2026-05-13 08:50:58.524 DEBUG content 10831 _a-0000efc0-b1bf-8000-9bbd-011c48011c48_56909 Processing reference: TypedVariable[name=recordTypeUuid,it=3,v=]
2026-05-13 08:50:58.524 DEBUG content 10831 _a-0000efc0-b1bf-8000-9bbd-011c48011c48_56909 Processing reference: FreeformRule.parent
2026-05-13 08:50:58.526 DEBUG content 10831 _a-0000efc0-b1bf-8000-9bbd-011c48011c48_56909 Processing reference: com.appiancorp.suiteapi.content.ContentRoleMap@40b337d5[
  ContentRole[name=readers,inherit=true,allowForAll=false]
  ContentRole[name=authors,inherit=true,allowForAll=false]
  ContentRole[name=administrators,inherit=true,allowForAll=false]
  ContentRole[name=denyReaders,inherit=false,allowForAll=false]
  ContentRole[name=denyAuthors,inherit=false,allowForAll=false]
  ContentRole[name=denyAdministrators,inherit=false,allowForAll=false]
  securityVector=15:SEC_PUBLIC=true,SEC_CREATOR_ADMIN=false,SEC_INH_ADMIN=true,SEC_INH_EDITOR=true,SEC_INH_VIEWER=true,SEC_ALL_ADMIN=false,SEC_ALL_EDITOR=false,SEC_ALL_VIEWER=false
]
2026-05-13 08:50:58.526 DEBUG content 10831 _a-0000efc0-b1bf-8000-9bbd-011c48011c48_56909 Processing reference: ContentRole[name=readers,inherit=true,allowForAll=false]
2026-05-13 08:50:58.526 DEBUG content 10831 _a-0000efc0-b1bf-8000-9bbd-011c48011c48_56909 Processing reference: ContentRole[name=authors,inherit=true,allowForAll=false]
2026-05-13 08:50:58.526 DEBUG content 10831 _a-0000efc0-b1bf-8000-9bbd-011c48011c48_56909 Processing reference: ContentRole[name=administrators,inherit=true,allowForAll=false]
2026-05-13 08:50:58.526 DEBUG content 10831 _a-0000efc0-b1bf-8000-9bbd-011c48011c48_56909 Processing reference: ContentRole[name=denyReaders,inherit=false,allowForAll=false]
2026-05-13 08:50:58.526 DEBUG content 10831 _a-0000efc0-b1bf-8000-9bbd-011c48011c48_56909 Processing reference: ContentRole[name=denyAuthors,inherit=false,allowForAll=false]
2026-05-13 08:50:58.526 DEBUG content 10831 _a-0000efc0-b1bf-8000-9bbd-011c48011c48_56909 Processing reference: ContentRole[name=denyAdministrators,inherit=false,allowForAll=false]
2026-05-13 08:50:58.526 DEBUG content 10831 _a-0000efc0-b1bf-8000-9bbd-011c48011c48_56909 Exporting binary resources.
2026-05-13 08:50:58.526 DEBUG content 10831 _a-0000efc0-b1bf-8000-9bbd-011c48011c48_56909 Serializing object to XML.
2026-05-13 08:50:58.527 DEBUG content 10831 _a-0000efc0-b1bf-8000-9bbd-011c48011c48_56909 Object transported.
2026-05-13 08:50:58.527 DEBUG content 10834 _a-0000efc0-b1bf-8000-9bbd-011c48011c48_56923 Begin transport.
2026-05-13 08:50:58.527 DEBUG content 10834 _a-0000efc0-b1bf-8000-9bbd-011c48011c48_56923 Retrieving object data.
2026-05-13 08:50:58.532 DEBUG content 10834 _a-0000efc0-b1bf-8000-9bbd-011c48011c48_56923 Setting uuids of object references.
2026-05-13 08:50:58.532 DEBUG content 10834 _a-0000efc0-b1bf-8000-9bbd-011c48011c48_56923 Processing reference: [Content:id=10833,versionId=-1,name=ADG_UT_initialiseEmptyRecordForGivenUuid,type=32,subtype=1,uuid=_a-0000efc0-b1bf-8000-9bbd-011c48011c48_56923,parent=10816]
2026-05-13 08:50:58.533 DEBUG content 10834 _a-0000efc0-b1bf-8000-9bbd-011c48011c48_56923 Processing reference: FreeformRule.forum
2026-05-13 08:50:58.533 DEBUG content 10834 _a-0000efc0-b1bf-8000-9bbd-011c48011c48_56923 Processing reference: TypedVariable[name=recordTypeUuid,it=3,v=]
2026-05-13 08:50:58.533 DEBUG content 10834 _a-0000efc0-b1bf-8000-9bbd-011c48011c48_56923 Processing reference: FreeformRule.parent
2026-05-13 08:50:58.535 DEBUG content 10834 _a-0000efc0-b1bf-8000-9bbd-011c48011c48_56923 Processing reference: com.appiancorp.suiteapi.content.ContentRoleMap@7b4cf84b[
  ContentRole[name=readers,inherit=true,allowForAll=false]
  ContentRole[name=authors,inherit=true,allowForAll=false]
  ContentRole[name=administrators,inherit=true,allowForAll=false]
  ContentRole[name=denyReaders,inherit=false,allowForAll=false]
  ContentRole[name=denyAuthors,inherit=false,allowForAll=false]
  ContentRole[name=denyAdministrators,inherit=false,allowForAll=false]
  securityVector=15:SEC_PUBLIC=true,SEC_CREATOR_ADMIN=false,SEC_INH_ADMIN=true,SEC_INH_EDITOR=true,SEC_INH_VIEWER=true,SEC_ALL_ADMIN=false,SEC_ALL_EDITOR=false,SEC_ALL_VIEWER=false
]
2026-05-13 08:50:58.535 DEBUG content 10834 _a-0000efc0-b1bf-8000-9bbd-011c48011c48_56923 Processing reference: ContentRole[name=readers,inherit=true,allowForAll=false]
2026-05-13 08:50:58.535 DEBUG content 10834 _a-0000efc0-b1bf-8000-9bbd-011c48011c48_56923 Processing reference: ContentRole[name=authors,inherit=true,allowForAll=false]
2026-05-13 08:50:58.535 DEBUG content 10834 _a-0000efc0-b1bf-8000-9bbd-011c48011c48_56923 Processing reference: ContentRole[name=administrators,inherit=true,allowForAll=false]
2026-05-13 08:50:58.535 DEBUG content 10834 _a-0000efc0-b1bf-8000-9bbd-011c48011c48_56923 Processing reference: ContentRole[name=denyReaders,inherit=false,allowForAll=false]
2026-05-13 08:50:58.535 DEBUG content 10834 _a-0000efc0-b1bf-8000-9bbd-011c48011c48_56923 Processing reference: ContentRole[name=denyAuthors,inherit=false,allowForAll=false]
2026-05-13 08:50:58.535 DEBUG content 10834 _a-0000efc0-b1bf-8000-9bbd-011c48011c48_56923 Processing reference: ContentRole[name=denyAdministrators,inherit=false,allowForAll=false]
2026-05-13 08:50:58.535 DEBUG content 10834 _a-0000efc0-b1bf-8000-9bbd-011c48011c48_56923 Exporting binary resources.
2026-05-13 08:50:58.535 DEBUG content 10834 _a-0000efc0-b1bf-8000-9bbd-011c48011c48_56923 Serializing object to XML.
2026-05-13 08:50:58.536 DEBUG content 10834 _a-0000efc0-b1bf-8000-9bbd-011c48011c48_56923 Object transported.
2026-05-13 08:50:58.536 DEBUG content 11298 _a-0000efc0-b1bf-8000-9bbd-011c48011c48_56943 Begin transport.
2026-05-13 08:50:58.536 DEBUG content 11298 _a-0000efc0-b1bf-8000-9bbd-011c48011c48_56943 Retrieving object data.
2026-05-13 08:50:58.541 DEBUG content 11298 _a-0000efc0-b1bf-8000-9bbd-011c48011c48_56943 Setting uuids of object references.
2026-05-13 08:50:58.541 DEBUG content 11298 _a-0000efc0-b1bf-8000-9bbd-011c48011c48_56943 Processing reference: [Content:id=10836,versionId=-1,name=ADG_UT_queryUsersFromEnvironment,type=32,subtype=1,uuid=_a-0000efc0-b1bf-8000-9bbd-011c48011c48_56943,parent=10816]
2026-05-13 08:50:58.554 DEBUG content 11298 _a-0000efc0-b1bf-8000-9bbd-011c48011c48_56943 Processing reference: FreeformRule.forum
2026-05-13 08:50:58.555 DEBUG content 11298 _a-0000efc0-b1bf-8000-9bbd-011c48011c48_56943 Processing reference: FreeformRule.parent
2026-05-13 08:50:58.557 DEBUG content 11298 _a-0000efc0-b1bf-8000-9bbd-011c48011c48_56943 Processing reference: com.appiancorp.suiteapi.content.ContentRoleMap@1574966e[
  ContentRole[name=readers,inherit=true,allowForAll=false]
  ContentRole[name=authors,inherit=true,allowForAll=false]
  ContentRole[name=administrators,inherit=true,allowForAll=false]
  ContentRole[name=denyReaders,inherit=false,allowForAll=false]
  ContentRole[name=denyAuthors,inherit=false,allowForAll=false]
  ContentRole[name=denyAdministrators,inherit=false,allowForAll=false]
  securityVector=15:SEC_PUBLIC=true,SEC_CREATOR_ADMIN=false,SEC_INH_ADMIN=true,SEC_INH_EDITOR=true,SEC_INH_VIEWER=true,SEC_ALL_ADMIN=false,SEC_ALL_EDITOR=false,SEC_ALL_VIEWER=false
]
2026-05-13 08:50:58.557 DEBUG content 11298 _a-0000efc0-b1bf-8000-9bbd-011c48011c48_56943 Processing reference: ContentRole[name=readers,inherit=true,allowForAll=false]
2026-05-13 08:50:58.557 DEBUG content 11298 _a-0000efc0-b1bf-8000-9bbd-011c48011c48_56943 Processing reference: ContentRole[name=authors,inherit=true,allowForAll=false]
2026-05-13 08:50:58.557 DEBUG content 11298 _a-0000efc0-b1bf-8000-9bbd-011c48011c48_56943 Processing reference: ContentRole[name=administrators,inherit=true,allowForAll=false]
2026-05-13 08:50:58.557 DEBUG content 11298 _a-0000efc0-b1bf-8000-9bbd-011c48011c48_56943 Processing reference: ContentRole[name=denyReaders,inherit=false,allowForAll=false]
2026-05-13 08:50:58.557 DEBUG content 11298 _a-0000efc0-b1bf-8000-9bbd-011c48011c48_56943 Processing reference: ContentRole[name=denyAuthors,inherit=false,allowForAll=false]
2026-05-13 08:50:58.557 DEBUG content 11298 _a-0000efc0-b1bf-8000-9bbd-011c48011c48_56943 Processing reference: ContentRole[name=denyAdministrators,inherit=false,allowForAll=false]
2026-05-13 08:50:58.557 DEBUG content 11298 _a-0000efc0-b1bf-8000-9bbd-011c48011c48_56943 Exporting binary resources.
2026-05-13 08:50:58.557 DEBUG content 11298 _a-0000efc0-b1bf-8000-9bbd-011c48011c48_56943 Serializing object to XML.
2026-05-13 08:50:58.558 DEBUG content 11298 _a-0000efc0-b1bf-8000-9bbd-011c48011c48_56943 Object transported.
2026-05-13 08:50:58.558 DEBUG content 11296 _a-0000efc0-b1bf-8000-9bbd-011c48011c48_59872 Begin transport.
2026-05-13 08:50:58.558 DEBUG content 11296 _a-0000efc0-b1bf-8000-9bbd-011c48011c48_59872 Retrieving object data.
2026-05-13 08:50:58.565 DEBUG content 11296 _a-0000efc0-b1bf-8000-9bbd-011c48011c48_59872 Setting uuids of object references.
2026-05-13 08:50:58.565 DEBUG content 11296 _a-0000efc0-b1bf-8000-9bbd-011c48011c48_59872 Processing reference: [Content:id=11295,versionId=-1,name=ADG_UT_convertFieldValue,type=32,subtype=1,uuid=_a-0000efc0-b1bf-8000-9bbd-011c48011c48_59872,parent=10816]
2026-05-13 08:50:58.573 DEBUG content 11296 _a-0000efc0-b1bf-8000-9bbd-011c48011c48_59872 Processing reference: FreeformRule.forum
2026-05-13 08:50:58.573 DEBUG content 11296 _a-0000efc0-b1bf-8000-9bbd-011c48011c48_59872 Processing reference: TypedVariable[name=value,it=97,v=<null>]
2026-05-13 08:50:58.573 DEBUG content 11296 _a-0000efc0-b1bf-8000-9bbd-011c48011c48_59872 Processing reference: TypedVariable[name=fieldType,it=3,v=]
2026-05-13 08:50:58.573 DEBUG content 11296 _a-0000efc0-b1bf-8000-9bbd-011c48011c48_59872 Processing reference: FreeformRule.parent
2026-05-13 08:50:58.576 DEBUG content 11296 _a-0000efc0-b1bf-8000-9bbd-011c48011c48_59872 Processing reference: com.appiancorp.suiteapi.content.ContentRoleMap@1e241f86[
  ContentRole[name=readers,inherit=true,allowForAll=false]
  ContentRole[name=authors,inherit=true,allowForAll=false]
  ContentRole[name=administrators,inherit=true,allowForAll=false]
  ContentRole[name=denyReaders,inherit=false,allowForAll=false]
  ContentRole[name=denyAuthors,inherit=false,allowForAll=false]
  ContentRole[name=denyAdministrators,inherit=false,allowForAll=false]
  securityVector=15:SEC_PUBLIC=true,SEC_CREATOR_ADMIN=false,SEC_INH_ADMIN=true,SEC_INH_EDITOR=true,SEC_INH_VIEWER=true,SEC_ALL_ADMIN=false,SEC_ALL_EDITOR=false,SEC_ALL_VIEWER=false
]
2026-05-13 08:50:58.576 DEBUG content 11296 _a-0000efc0-b1bf-8000-9bbd-011c48011c48_59872 Processing reference: ContentRole[name=readers,inherit=true,allowForAll=false]
2026-05-13 08:50:58.576 DEBUG content 11296 _a-0000efc0-b1bf-8000-9bbd-011c48011c48_59872 Processing reference: ContentRole[name=authors,inherit=true,allowForAll=false]
2026-05-13 08:50:58.576 DEBUG content 11296 _a-0000efc0-b1bf-8000-9bbd-011c48011c48_59872 Processing reference: ContentRole[name=administrators,inherit=true,allowForAll=false]
2026-05-13 08:50:58.576 DEBUG content 11296 _a-0000efc0-b1bf-8000-9bbd-011c48011c48_59872 Processing reference: ContentRole[name=denyReaders,inherit=false,allowForAll=false]
2026-05-13 08:50:58.576 DEBUG content 11296 _a-0000efc0-b1bf-8000-9bbd-011c48011c48_59872 Processing reference: ContentRole[name=denyAuthors,inherit=false,allowForAll=false]
2026-05-13 08:50:58.576 DEBUG content 11296 _a-0000efc0-b1bf-8000-9bbd-011c48011c48_59872 Processing reference: ContentRole[name=denyAdministrators,inherit=false,allowForAll=false]
2026-05-13 08:50:58.576 DEBUG content 11296 _a-0000efc0-b1bf-8000-9bbd-011c48011c48_59872 Exporting binary resources.
2026-05-13 08:50:58.576 DEBUG content 11296 _a-0000efc0-b1bf-8000-9bbd-011c48011c48_59872 Serializing object to XML.
2026-05-13 08:50:58.578 DEBUG content 11296 _a-0000efc0-b1bf-8000-9bbd-011c48011c48_59872 Object transported.
2026-05-13 08:50:58.597 DEBUG processModelFolder 4 1fdee179-46f1-4530-8645-5251667465d7 Begin transport.
2026-05-13 08:50:58.597 DEBUG processModelFolder 4 1fdee179-46f1-4530-8645-5251667465d7 Retrieving object data.
2026-05-13 08:50:58.6 DEBUG processModelFolder 4 1fdee179-46f1-4530-8645-5251667465d7 Setting uuids of object references.
2026-05-13 08:50:58.6 DEBUG processModelFolder 4 1fdee179-46f1-4530-8645-5251667465d7 Processing reference: ProcessModelFolder.parentFolderId
2026-05-13 08:50:58.601 DEBUG processModelFolder 4 1fdee179-46f1-4530-8645-5251667465d7 Processing reference: com.appiancorp.suiteapi.process.ProcessRoleMap@5f587428[
  Role[name=ADMIN_OWNER,groupIds=[148]]
  Role[name=EDITOR]
  Role[name=EXPLICIT_NONMEMBER]
  Role[name=VIEWER,groupIds=[149]]
  Role[name=MANAGER]
  Role[name=INITIATOR]
]
2026-05-13 08:50:58.601 DEBUG processModelFolder 4 1fdee179-46f1-4530-8645-5251667465d7 Processing reference: Role[name=ADMIN_OWNER,groupIds=[148]]
2026-05-13 08:50:58.605 DEBUG processModelFolder 4 1fdee179-46f1-4530-8645-5251667465d7 Processing reference: Role[name=EDITOR]
2026-05-13 08:50:58.605 DEBUG processModelFolder 4 1fdee179-46f1-4530-8645-5251667465d7 Processing reference: Role[name=EXPLICIT_NONMEMBER]
2026-05-13 08:50:58.605 DEBUG processModelFolder 4 1fdee179-46f1-4530-8645-5251667465d7 Processing reference: Role[name=VIEWER,groupIds=[149]]
2026-05-13 08:50:58.606 DEBUG processModelFolder 4 1fdee179-46f1-4530-8645-5251667465d7 Processing reference: Role[name=MANAGER]
2026-05-13 08:50:58.606 DEBUG processModelFolder 4 1fdee179-46f1-4530-8645-5251667465d7 Processing reference: Role[name=INITIATOR]
2026-05-13 08:50:58.607 DEBUG processModelFolder 4 1fdee179-46f1-4530-8645-5251667465d7 Exporting binary resources.
2026-05-13 08:50:58.607 DEBUG processModelFolder 4 1fdee179-46f1-4530-8645-5251667465d7 Serializing object to XML.
2026-05-13 08:50:58.607 DEBUG processModelFolder 4 1fdee179-46f1-4530-8645-5251667465d7 Object transported.
2026-05-13 08:50:58.662 DEBUG webApi 18 08b71b83-944b-497e-8633-60f0e6356f7e Begin transport.
2026-05-13 08:50:58.662 DEBUG webApi 18 08b71b83-944b-497e-8633-60f0e6356f7e Retrieving object data.
2026-05-13 08:50:58.68 DEBUG webApi 18 08b71b83-944b-497e-8633-60f0e6356f7e Setting uuids of object references.
2026-05-13 08:50:58.68 DEBUG webApi 18 08b71b83-944b-497e-8633-60f0e6356f7e Processing reference: Role[name=web_api_administrator,groupIds=[148]]
2026-05-13 08:50:58.682 DEBUG webApi 18 08b71b83-944b-497e-8633-60f0e6356f7e Processing reference: Role[name=web_api_viewer,groupIds=[149]]
2026-05-13 08:50:58.684 DEBUG webApi 18 08b71b83-944b-497e-8633-60f0e6356f7e Processing reference: WebApi.expression
2026-05-13 08:50:58.69 DEBUG webApi 18 08b71b83-944b-497e-8633-60f0e6356f7e Processing reference: WebApi.receiveDocumentsFolder
2026-05-13 08:50:58.691 DEBUG webApi 18 08b71b83-944b-497e-8633-60f0e6356f7e Exporting binary resources.
2026-05-13 08:50:58.691 DEBUG webApi 18 08b71b83-944b-497e-8633-60f0e6356f7e Serializing object to XML.
2026-05-13 08:50:58.693 DEBUG webApi 18 08b71b83-944b-497e-8633-60f0e6356f7e Object transported.
2026-05-13 08:50:58.693 DEBUG webApi 20 07633e3e-fa8f-4c7c-a0a2-66811c88776b Begin transport.
2026-05-13 08:50:58.693 DEBUG webApi 20 07633e3e-fa8f-4c7c-a0a2-66811c88776b Retrieving object data.
2026-05-13 08:50:58.705 DEBUG webApi 20 07633e3e-fa8f-4c7c-a0a2-66811c88776b Setting uuids of object references.
2026-05-13 08:50:58.705 DEBUG webApi 20 07633e3e-fa8f-4c7c-a0a2-66811c88776b Processing reference: Role[name=web_api_administrator,groupIds=[148]]
2026-05-13 08:50:58.707 DEBUG webApi 20 07633e3e-fa8f-4c7c-a0a2-66811c88776b Processing reference: Role[name=web_api_viewer,groupIds=[149]]
2026-05-13 08:50:58.707 DEBUG webApi 20 07633e3e-fa8f-4c7c-a0a2-66811c88776b Processing reference: WebApi.expression
2026-05-13 08:50:58.71 DEBUG webApi 20 07633e3e-fa8f-4c7c-a0a2-66811c88776b Processing reference: WebApi.receiveDocumentsFolder
2026-05-13 08:50:58.71 DEBUG webApi 20 07633e3e-fa8f-4c7c-a0a2-66811c88776b Exporting binary resources.
2026-05-13 08:50:58.71 DEBUG webApi 20 07633e3e-fa8f-4c7c-a0a2-66811c88776b Serializing object to XML.
2026-05-13 08:50:58.712 DEBUG webApi 20 07633e3e-fa8f-4c7c-a0a2-66811c88776b Object transported.
2026-05-13 08:50:58.8 DEBUG application 10820 1df31c0a-6067-46b6-b39c-d8a3b60bb073 Exporting binary resources.
2026-05-13 08:50:58.8 DEBUG application 10820 1df31c0a-6067-46b6-b39c-d8a3b60bb073 Serializing object to XML.
2026-05-13 08:50:58.801 DEBUG application 10820 1df31c0a-6067-46b6-b39c-d8a3b60bb073 Object transported.
